// Jest Snapshot v1, https://goo.gl/fbAQLP

exports[`PackageCard 1`] = `
<div>
  <div
    class="makeStyles-container-1"
    data-testid="packageCard-"
  >
    <div
      class="makeStyles-top-2"
    >
      <h5
        class="MuiTypography-root MuiTypography-h5"
        data-testid="packageCard--name"
      >
        <a
          class="MuiTypography-root MuiLink-root MuiLink-underlineAlways MuiTypography-colorPrimary"
          href="/package/"
        />
      </h5>
      <h5
        class="MuiTypography-root MuiTypography-h5 MuiTypography-colorPrimary"
        data-testid="packageCard--version"
      >
        0.2
      </h5>
    </div>
    <div
      style="display: flex; flex-wrap: wrap;"
    >
      <p
        class="MuiTypography-root MuiTypography-body1 MuiTypography-colorTextPrimary"
      >
        hot fix
      </p>
    </div>
    <p
      class="MuiTypography-root makeStyles-description-5 MuiTypography-body1 MuiTypography-colorTextPrimary"
    >
      hot fix
    </p>
    <div
      class="makeStyles-bottom-3"
    >
      <div
        class="makeStyles-container-8"
      >
        <div
          class="MuiAvatar-root MuiAvatar-circle makeStyles-picture-9 makeStyles-picture-11 makeStyles-avatar-6 MuiAvatar-colorDefault"
          data-testid="user-avatar"
        >
          B
        </div>
        <p
          class="MuiTypography-root makeStyles-name-10 makeStyles-name-7 MuiTypography-body1"
        >
          Bob
        </p>
      </div>
      <p
        class="MuiTypography-root makeStyles-update-4 MuiTypography-body2"
      >
        Last updated on theÂ 
        Fri Jan 01 1999
      </p>
    </div>
  </div>
</div>
`;
