// Jest Snapshot v1, https://goo.gl/fbAQLP

exports[`Layout 1`] = `
<div>
  <div
    class="makeStyles-container-1"
  >
    <header
      class="MuiPaper-root MuiAppBar-root MuiAppBar-positionSticky MuiAppBar-colorDefault makeStyles-appBar-2 MuiPaper-elevation0"
    >
      <div
        class="MuiToolbar-root MuiToolbar-regular makeStyles-container-3 MuiToolbar-gutters"
      >
        <div
          class="PrivateHiddenCss-smUp-9"
        >
          <a
            class="makeStyles-link-20"
            href="/"
          >
            <div
              class="makeStyles-logo-22"
            >
              <img
                alt="mini-sm c3pm logo"
                height="40"
                src="/assets/c3pm_3.png"
                width="auto"
              />
            </div>
          </a>
        </div>
        <div
          class="PrivateHiddenCss-xsDown-7"
        >
          <a
            class="makeStyles-link-20"
            href="/"
          >
            <div
              class="makeStyles-logo-22"
            >
              <img
                alt="classic-sm c3pm logo"
                height="auto"
                src="/assets/c3pm.png"
                width="100"
              />
            </div>
          </a>
        </div>
        <form
          action="#"
          class="makeStyles-search-4"
          data-testid="SearchBarInput"
        >
          <div
            class="MuiFormControl-root MuiTextField-root MuiFormControl-fullWidth"
          >
            <div
              class="MuiInputBase-root MuiOutlinedInput-root MuiInputBase-fullWidth MuiInputBase-formControl MuiInputBase-marginDense MuiOutlinedInput-marginDense"
            >
              <input
                aria-invalid="false"
                class="MuiInputBase-input MuiOutlinedInput-input MuiInputBase-inputTypeSearch MuiInputBase-inputMarginDense MuiOutlinedInput-inputMarginDense"
                id="search"
                name="search"
                placeholder="search..."
                type="search"
                value=""
              />
              <fieldset
                aria-hidden="true"
                class="PrivateNotchedOutline-root-26 MuiOutlinedInput-notchedOutline"
                style="padding-left: 8px;"
              >
                <legend
                  class="PrivateNotchedOutline-legend-27"
                  style="width: 0.01px;"
                >
                  <span>
                    â€‹
                  </span>
                </legend>
              </fieldset>
            </div>
            
          </div>
        </form>
        <div>
          <a
            aria-disabled="false"
            class="MuiButtonBase-root MuiButton-root MuiButton-outlined makeStyles-default-32 makeStyles-primary-33 makeStyles-primary-37 makeStyles-marginRight-31 MuiButton-disableElevation"
            href="/login"
            tabindex="0"
          >
            <span
              class="MuiButton-label"
            >
              Sign in
            </span>
            <span
              class="MuiTouchRipple-root"
            />
          </a>
          <a
            aria-disabled="false"
            class="MuiButtonBase-root MuiButton-root MuiButton-contained makeStyles-default-32 makeStyles-primary-33 makeStyles-primary-41 MuiButton-disableElevation"
            href="/register"
            tabindex="0"
          >
            <span
              class="MuiButton-label"
            >
              Sign up
            </span>
            <span
              class="MuiTouchRipple-root"
            />
          </a>
        </div>
      </div>
    </header>
    Toto
  </div>
  <div
    class="makeStyles-container-45"
  >
    <div
      class="makeStyles-textContainer-46"
    >
      <span>
        General Information
      </span>
      <a
        class="makeStyles-text-47"
        href="https://docs.c3pm.io"
      >
        <p
          class="MuiTypography-root makeStyles-text-47 MuiTypography-body1"
        >
          Docs
        </p>
      </a>
      <a
        class="makeStyles-text-47"
        href="https://github.com/c3pm-labs/"
      >
        <p
          class="MuiTypography-root makeStyles-text-47 MuiTypography-body1"
        >
          Github
        </p>
      </a>
      <a
        class="makeStyles-text-47"
        href="https://github.com/c3pm-labs/c3pm/releases"
      >
        <p
          class="MuiTypography-root makeStyles-text-47 MuiTypography-body1"
        >
          Releases
        </p>
      </a>
    </div>
    <div
      class="makeStyles-textContainer-46"
    >
      <span>
        Contact us
      </span>
      <a
        class="makeStyles-text-47"
        href="mailto:contact@c3pm.io"
      >
        <p
          class="MuiTypography-root makeStyles-text-47 MuiTypography-body1"
        >
          contact@c3pm.io
        </p>
      </a>
      <a
        class="makeStyles-text-47"
        href="https://github.com/c3pm-labs/c3pm/issues/new"
      >
        <p
          class="MuiTypography-root makeStyles-text-47 MuiTypography-body1"
        >
          Issues
        </p>
      </a>
      <a
        class="makeStyles-text-47"
        href="/team"
      >
        Team
      </a>
    </div>
  </div>
</div>
`;
