// Jest Snapshot v1, https://goo.gl/fbAQLP

exports[`MarkdownDisplayer 1`] = `
<div>
  <div
    class="makeStyles-readme-1"
  >
    <p>
      The source
    </p>
  </div>
</div>
`;
