// Jest Snapshot v1, https://goo.gl/fbAQLP

exports[`VersionList 1`] = `
<div>
  <div
    class="makeStyles-versions-1"
  >
    <h2
      class="makeStyles-title-2"
    >
      v
      0
      :
    </h2>
    <a
      data-testid="link-to-v0.2.5"
      href="/package/math/0.2.5"
    >
      <span
        class="makeStyles-versionName-3"
      >
        0.2.5
      </span>
      <div
        class="makeStyles-separator-4"
      />
      <span
        class="makeStyles-versionDate-5"
      >
        Fri Jan 01 1999
      </span>
    </a>
    <a
      data-testid="link-to-v0.1.5"
      href="/package/math/0.1.5"
    >
      <span
        class="makeStyles-versionName-3"
      >
        0.1.5
      </span>
      <div
        class="makeStyles-separator-4"
      />
      <span
        class="makeStyles-versionDate-5"
      >
        Fri Jan 01 1999
      </span>
    </a>
  </div>
</div>
`;
