// Jest Snapshot v1, https://goo.gl/fbAQLP

exports[`Layout 1`] = `
<div>
  <form
    action="#"
    data-testid="SearchBarInput"
  >
    <div
      class="MuiFormControl-root MuiTextField-root MuiFormControl-fullWidth"
    >
      <div
        class="MuiInputBase-root MuiOutlinedInput-root MuiInputBase-fullWidth MuiInputBase-formControl MuiInputBase-marginDense MuiOutlinedInput-marginDense"
      >
        <input
          aria-invalid="false"
          class="MuiInputBase-input MuiOutlinedInput-input MuiInputBase-inputTypeSearch MuiInputBase-inputMarginDense MuiOutlinedInput-inputMarginDense"
          id="search"
          name="search"
          placeholder="search..."
          type="search"
          value="math"
        />
        <fieldset
          aria-hidden="true"
          class="PrivateNotchedOutline-root-2 MuiOutlinedInput-notchedOutline"
          style="padding-left: 8px;"
        >
          <legend
            class="PrivateNotchedOutline-legend-3"
            style="width: 0.01px;"
          >
            <span>
              â€‹
            </span>
          </legend>
        </fieldset>
      </div>
      
    </div>
  </form>
</div>
`;
